  ! k=      2 mss=5.0000e-01 ratio=1.500 feas=2.000 (NEW MIN)
  ! k=      3 mss=3.3333e-01 ratio=1.333 feas=1.667 (NEW MIN)
  k=   1000 mss=1.9282e-03 ratio=1.930 feas=1.932  min=1.333@k=3  t=2s
  k=   2000 mss=1.0216e-03 ratio=2.044 feas=2.045  min=1.333@k=3  t=6s
  k=   3000 mss=6.8926e-04 ratio=2.068 feas=2.069  min=1.333@k=3  t=15s
  k=   4000 mss=3.6386e-04 ratio=1.456 feas=1.456  min=1.333@k=3  t=33s
  k=   5000 mss=3.5416e-04 ratio=1.771 feas=1.772  min=1.333@k=3  t=44s
  k=   6000 mss=3.4504e-04 ratio=2.071 feas=2.071  min=1.333@k=3  t=57s
  k=   7000 mss=3.1924e-04 ratio=2.235 feas=2.235  min=1.333@k=3  t=73s
  k=   8000 mss=2.2538e-04 ratio=1.803 feas=1.803  min=1.333@k=3  t=99s
  k=   9000 mss=2.0040e-04 ratio=1.804 feas=1.804  min=1.333@k=3  t=134s
  k=  10000 mss=1.7856e-04 ratio=1.786 feas=1.786  min=1.333@k=3  t=185s
  k=  11000 mss=1.7756e-04 ratio=1.953 feas=1.954  min=1.333@k=3  t=217s
  k=  12000 mss=1.6522e-04 ratio=1.983 feas=1.983  min=1.333@k=3  t=259s
  k=  13000 mss=1.5863e-04 ratio=2.062 feas=2.062  min=1.333@k=3  t=306s
  k=  14000 mss=1.3794e-04 ratio=1.931 feas=1.931  min=1.333@k=3  t=384s
  k=  15000 mss=1.2772e-04 ratio=1.916 feas=1.916  min=1.333@k=3  t=464s
  k=  16000 mss=1.1410e-04 ratio=1.826 feas=1.826  min=1.333@k=3  t=571s
  k=  17000 mss=1.0983e-04 ratio=1.867 feas=1.867  min=1.333@k=3  t=673s
  k=  18000 mss=1.0571e-04 ratio=1.903 feas=1.903  min=1.333@k=3  t=763s
  k=  19000 mss=1.0185e-04 ratio=1.935 feas=1.935  min=1.333@k=3  t=874s
  k=  20000 mss=1.0062e-04 ratio=2.013 feas=2.013  min=1.333@k=3  t=955s
  k=  21000 mss=8.7533e-05 ratio=1.838 feas=1.838  min=1.333@k=3  t=1107s
  k=  22000 mss=8.3369e-05 ratio=1.834 feas=1.834  min=1.333@k=3  t=1271s
  k=  23000 mss=8.1322e-05 ratio=1.870 feas=1.871  min=1.333@k=3  t=1427s
  k=  24000 mss=7.9244e-05 ratio=1.902 feas=1.902  min=1.333@k=3  t=1561s
  k=  25000 mss=7.6029e-05 ratio=1.901 feas=1.901  min=1.333@k=3  t=1729s
  k=  26000 mss=7.1609e-05 ratio=1.862 feas=1.862  min=1.333@k=3  t=1921s
  k=  27000 mss=6.6456e-05 ratio=1.794 feas=1.794  min=1.333@k=3  t=2148s
  k=  28000 mss=6.5484e-05 ratio=1.834 feas=1.834  min=1.333@k=3  t=2274s
  k=  29000 mss=6.0444e-05 ratio=1.753 feas=1.753  min=1.333@k=3  t=2506s
  k=  30000 mss=5.5111e-05 ratio=1.653 feas=1.653  min=1.333@k=3  t=2689s
  k=  31000 mss=5.3059e-05 ratio=1.645 feas=1.645  min=1.333@k=3  t=2852s
  k=  32000 mss=5.2460e-05 ratio=1.679 feas=1.679  min=1.333@k=3  t=2970s
  k=  33000 mss=5.1335e-05 ratio=1.694 feas=1.694  min=1.333@k=3  t=3135s
  k=  34000 mss=5.0701e-05 ratio=1.724 feas=1.724  min=1.333@k=3  t=3342s
  k=  35000 mss=5.0411e-05 ratio=1.764 feas=1.764  min=1.333@k=3  t=3483s
  k=  36000 mss=5.0261e-05 ratio=1.809 feas=1.809  min=1.333@k=3  t=3610s
  k=  37000 mss=5.0017e-05 ratio=1.851 feas=1.851  min=1.333@k=3  t=3744s
  k=  38000 mss=4.9162e-05 ratio=1.868 feas=1.868  min=1.333@k=3  t=3904s
  k=  39000 mss=4.9023e-05 ratio=1.912 feas=1.912  min=1.333@k=3  t=4043s
  k=  40000 mss=4.5329e-05 ratio=1.813 feas=1.813  min=1.333@k=3  t=4259s
Traceback (most recent call last):
  File "/workspace/Packing/temp/track_inv_fast.py", line 60, in <module>
    main(h, N)
  File "/workspace/Packing/temp/track_inv_fast.py", line 46, in main
    with open(f"/workspace/Packing/results/inv_fast_{heuristic}_chk.json", "w") as f:
OSError: [Errno 28] No space left on device
